// Jest Snapshot v1, https://goo.gl/fbAQLP

exports[`renders correctly 1`] = `
<View
  style={
    Object {
      "flex": 1,
      "flexDirection": "column",
      "height": "100%",
    }
  }
>
  <View
    style={
      Object {
        "alignItems": "center",
        "backgroundColor": "orange",
        "flex": 0.08,
        "flexDirection": "row",
      }
    }
  >
    <Text
      style={
        Object {
          "color": "black",
          "fontSize": 20,
          "fontWeight": "bold",
          "paddingHorizontal": 10,
        }
      }
    >
      Hacker News
    </Text>
  </View>
  <View
    style={
      Object {
        "backgroundColor": "white",
        "flex": 0.92,
      }
    }
  >
    <Text>
      Data not found
    </Text>
    <Modal
      animationType="slide"
      hardwareAccelerated={false}
      transparent={true}
      visible={true}
    >
      <View
        style={
          Object {
            "alignItems": "center",
            "flex": 1,
            "justifyContent": "center",
            "marginTop": 22,
          }
        }
      >
        <ActivityIndicator
          size="large"
        />
        <Text
          style={
            Object {
              "color": "black",
              "fontSize": 32,
            }
          }
        >
          Loading...
        </Text>
      </View>
    </Modal>
  </View>
</View>
`;
